<html>
<body>
<pre>
<h1>µVision Build Log</h1>
<h2>Tool Versions:</h2>
IDE-Version: µVision V5.31.0.0
Copyright (C) 2020 ARM Ltd and ARM Germany GmbH. All rights reserved.
License Information: dev dev, dev, LIC=03C6R-KJ38H-742S0-BMZ9A-VUYXL-SS4CR
 
Tool Versions:
Toolchain:       MDK-ARM Plus  Version: 5.31.0.0
Toolchain Path:  C:\Keil_v5\ARM\ARMCC_ISS\Bin
C Compiler:      Armcc.exe V5.99 update 4 (build 402)
Assembler:       Armasm.exe V5.99 update 4 (build 402)
Linker/Locator:  ArmLink.exe V5.99 update 4 (build 402)
Library Manager: ArmAr.exe V5.99 update 4 (build 402)
Hex Converter:   FromElf.exe V5.99 update 4 (build 402)
CPU DLL:         SARMCM3.DLL V5.31.0.0
Dialog DLL:      DARMCM1.DLL V1.19.3.0
    Target DLL: Nu_Link.dll
Dialog DLL:      TARMCM1.DLL V1.14.2.0
 
<h2>Project:</h2>
C:\Users\Dev\Desktop\Draf\Git\Nano100B_BSP\SampleCode\ISP\ISP_HID\KEIL\ISP_HID.uvproj
Project File Date:  10/10/2023

<h2>Output:</h2>
*** Using Compiler 'V5.99 update 4 (build 402)', folder: 'C:\Keil_v5\ARM\ARMCC_ISS\Bin'
Build target 'ISP_HID'
Clean started - Project: 'ISP_HID'
   deleting intermediate output files for target 'ISP_HID'
creating preprocessor file for system_Nano100Series.c...
compiling system_Nano100Series.c...
assembling startup_Nano100Series_user.s...
creating preprocessor file for descriptors.c...
compiling descriptors.c...
creating preprocessor file for main.c...
compiling main.c...
creating preprocessor file for hid_transfer.c...
compiling hid_transfer.c...
creating preprocessor file for FMC_USER.c...
compiling FMC_USER.c...
creating preprocessor file for ISP_USER.c...
compiling ISP_USER.c...
creating preprocessor file for targetdev.c...
compiling targetdev.c...
creating preprocessor file for usbd.c...
compiling usbd.c...
creating preprocessor file for clk.c...
compiling clk.c...
linking...
Program Size: Code=3656 RO-data=96 RW-data=332 ZI-data=1924  
".\obj\NANO100B_ISP_HID_PB15.axf" - 0 Error(s), 0 Warning(s).

*** Performing Cross-Module-Optimization:
compiling system_Nano100Series.c...
compiling descriptors.c...
compiling main.c...
compiling hid_transfer.c...
compiling FMC_USER.c...
compiling ISP_USER.c...
compiling targetdev.c...
compiling usbd.c...
compiling clk.c...
linking...
Program Size: Code=3656 RO-data=96 RW-data=332 ZI-data=1924  
After Build - User command #1: fromelf --bin ".\obj\NANO100B_ISP_HID_PB15.axf" --output ".\obj\NANO100B_ISP_HID_PB15.bin"
After Build - User command #2: fromelf --text -c ".\obj\NANO100B_ISP_HID_PB15.axf" --output ".\obj\NANO100B_ISP_HID_PB15.txt"
".\obj\NANO100B_ISP_HID_PB15.axf" - 0 Error(s), 0 Warning(s).
*** Completed Cross-Module-Optimization after 2 iteration(s).
Build Time Elapsed:  00:00:12
</pre>
</body>
</html>
